// Jest Snapshot v1, https://goo.gl/fbAQLP

exports[`CoinRows renders correctly - empty 1`] = `
<DocumentFragment>
  <table
    class="coin-table"
  >
    <thead>
      <tr>
        <th>
          <div
            role="button"
            style="overflow: auto; white-space: nowrap;"
            tabindex="0"
          >
            <span>
              Name
              <svg
                aria-hidden="true"
                class="MuiSvgIcon-root MuiSvgIcon-fontSizeSmall"
                focusable="false"
                viewBox="0 0 24 24"
              >
                <path
                  d="M7 14l5-5 5 5z"
                />
              </svg>
            </span>
          </div>
        </th>
        <th>
          <div
            role="button"
            style="overflow: auto; white-space: nowrap;"
            tabindex="0"
          >
            <span>
              Symbol
            </span>
          </div>
        </th>
        <th>
          <div
            role="button"
            style="overflow: auto; white-space: nowrap;"
            tabindex="0"
          >
            <span>
              Price
            </span>
          </div>
        </th>
        <th>
          <div
            role="button"
            style="overflow: auto; white-space: nowrap;"
            tabindex="0"
          >
            <span>
              Change (24 hours)
            </span>
          </div>
        </th>
      </tr>
    </thead>
    <tbody />
  </table>
  <div
    style="display: inline-flex; align-items: center; width: auto; margin-top: 20px;"
  >
    <div
      aria-expanded="false"
      class="MuiAutocomplete-root MuiAutocomplete-hasClearIcon MuiAutocomplete-hasPopupIcon"
      role="combobox"
      style="width: 300px; margin: auto; display: inline-block;"
    >
      <div
        class="MuiFormControl-root MuiTextField-root MuiFormControl-fullWidth"
        data-id="coin-input"
      >
        <label
          class="MuiFormLabel-root MuiInputLabel-root MuiInputLabel-formControl MuiInputLabel-animated MuiInputLabel-marginDense MuiInputLabel-outlined"
          data-shrink="false"
          for="combo-box-demo"
          id="combo-box-demo-label"
        >
          Add coin
        </label>
        <div
          class="MuiInputBase-root MuiOutlinedInput-root MuiAutocomplete-inputRoot MuiInputBase-fullWidth MuiInputBase-formControl MuiInputBase-adornedEnd MuiOutlinedInput-adornedEnd MuiInputBase-marginDense MuiOutlinedInput-marginDense"
        >
          <input
            aria-autocomplete="list"
            aria-invalid="false"
            autocapitalize="none"
            autocomplete="off"
            class="MuiInputBase-input MuiOutlinedInput-input MuiAutocomplete-input MuiAutocomplete-inputFocused MuiInputBase-inputAdornedEnd MuiOutlinedInput-inputAdornedEnd MuiInputBase-inputMarginDense MuiOutlinedInput-inputMarginDense"
            id="combo-box-demo"
            spellcheck="false"
            type="text"
            value=""
          />
          <div
            class="MuiAutocomplete-endAdornment"
          >
            <button
              aria-label="Clear"
              class="MuiButtonBase-root MuiIconButton-root MuiAutocomplete-clearIndicator"
              tabindex="-1"
              title="Clear"
              type="button"
            >
              <span
                class="MuiIconButton-label"
              >
                <svg
                  aria-hidden="true"
                  class="MuiSvgIcon-root MuiSvgIcon-fontSizeSmall"
                  focusable="false"
                  viewBox="0 0 24 24"
                >
                  <path
                    d="M19 6.41L17.59 5 12 10.59 6.41 5 5 6.41 10.59 12 5 17.59 6.41 19 12 13.41 17.59 19 19 17.59 13.41 12z"
                  />
                </svg>
              </span>
              <span
                class="MuiTouchRipple-root"
              />
            </button>
            <button
              aria-label="Open"
              class="MuiButtonBase-root MuiIconButton-root MuiAutocomplete-popupIndicator"
              tabindex="-1"
              title="Open"
              type="button"
            >
              <span
                class="MuiIconButton-label"
              >
                <svg
                  aria-hidden="true"
                  class="MuiSvgIcon-root"
                  focusable="false"
                  viewBox="0 0 24 24"
                >
                  <path
                    d="M7 10l5 5 5-5z"
                  />
                </svg>
              </span>
              <span
                class="MuiTouchRipple-root"
              />
            </button>
          </div>
          <fieldset
            aria-hidden="true"
            class="PrivateNotchedOutline-root-1 MuiOutlinedInput-notchedOutline"
          >
            <legend
              class="PrivateNotchedOutline-legendLabelled-3"
            >
              <span>
                Add coin
              </span>
            </legend>
          </fieldset>
        </div>
      </div>
    </div>
    <button
      class="MuiButtonBase-root MuiIconButton-root Mui-disabled Mui-disabled"
      data-id="add-btn"
      disabled=""
      tabindex="-1"
      type="button"
    >
      <span
        class="MuiIconButton-label"
      >
        <svg
          aria-hidden="true"
          class="MuiSvgIcon-root MuiSvgIcon-fontSizeLarge"
          focusable="false"
          style="color: rgb(158, 158, 158); cursor: pointer;"
          viewBox="0 0 24 24"
        >
          <path
            d="M12 2C6.48 2 2 6.48 2 12s4.48 10 10 10 10-4.48 10-10S17.52 2 12 2zm5 11h-4v4h-2v-4H7v-2h4V7h2v4h4v2z"
          />
        </svg>
      </span>
    </button>
  </div>
</DocumentFragment>
`;
